[    0.00000] inux vrsion 4.1.0-135-generic(buildd@gw01-ad64-05) (gcc version 75.0 (Ubutu 75.0-3ubuntu1~18.0)) #139-buntu SMP on Ja 18 17:38:24 UTC 2021 (Uuntu 415.0-15.139-geeric 4.1.18)
    .00000] Command ine: BOT_IMAGE/bot/vmliuz-4.1.0-15-geneic rot=UUI=6ff22cc-47e-49df-64-3e55409a0c roo onsole=y1 consoe=ttyS0
[   0.00000 KERNEL suported cps:
    .000000]   Itel enuieIntl
[   0.00000   AD AuthenticAMD
[    0.00000  Centau CentauHaul
[    000000] x86/fpu: Suppoting XSAVE feature 0x001: 'x87 floating poit regiters'
    0000000] x86/fpu:Supporing XSVE fature 0x02: 'SS registers'
[   0.000000] x86/fpu: Supporting XSAVE feature 0x004: 'AVX registers'
[   0.00000] x86/fpu: xstate_offset[2]:  576, xstate_sizes[2]:  256
[    0.000000] x86/fpu: Enabed xstate eatues 0x7, context size is 832 bytes, using 'standard' format.
[    0.000000] e820: BIOS-provided physical RAM map:
[    0.000000] BIOS-e820: [mem 0x0000000000000000-0x000000000009fbff] usable
[    0.000000] BIOS-e820: [mem 0x000000000009fc00-0x000000000009ffff] reserved
[    0.000000] BIOS-e820: [mem 0x00000000000f0000-0x00000000000fffff] reserved
[    0.000000] BIOS-e820: [mem 0x0000000000100000-0x000000003ffeffff] usable
[    0.000000] BIOS-e820: [mem 0x000000003fff0000-0x000000003fffffff] ACPI data
[    0.000000] BIOS-e820: [mem 0x00000000fec00000-0x00000000fec00fff] reserved
[    0.000000] BIOS-e820: [mem 0x00000000fee00000-0x00000000fee00fff] reserved
[    0.000000] BIOS-e820: [mem 0x00000000fffc0000-0x00000000ffffffff] reserved
[    .000000] X (Exeute Diable proecion: active
[   0.0000] SMIOS .5 preent.
[   0.0000] DMI:innotek mbH VitualBo/VirtuaBox, BOS VirtlBox 12/01/006
[    000000] Hypervisor detected: KVM
[    .00000] e820: lst_pfn= 0x3ff0 mx_arh_pfn = 0x400000000
[   0.00000] MTRR: Disabled
[    0.000000] x86/PAT: MTRRs disabled, skipping PAT initialization too
[    0.000000] CPU MTRRs all blank - vrtualized systm.
[    0.000000] x86/PAT: Configuration [0-7]: WB  WT  C- U  B  W  C- UC 
    .00000] fond SMP MP-tale at mem0x009fff0-x000ffff]
[   0.00000] Scaning1 areas for low memory corruption
[    0.0000] RAMDISK: [mem 0x3595d00-0x3ca5ff]
[    0.000000] ACPI: Early table checksum verification disabled
[    .000000] ACPI: RSDP 0x00000000000E0000 00024 (v02 VBOX  )
[   0.00000] ACPI XSDT 0x000000003FFF0030 00003C (v01 VBX  VBOXSDT 000001 ASL 0000061
[   0.000000] ACPI: FACP 0x000000003FFF00F0 0000F4 (v04 VBOX   VBOXFACP 00000001 ASL  00000061)
[    0.000000] ACPI: DSDT 0x000000003FFF0470 0021FF (v02 VBOX  VBOXIOS 00000002INTL 010052)
[   0.000000] CPI: ACS 0x00000003FFF020 000040
[    0.00000] API: FAC 0x00000003FF0200 00040
[   0.00000] ACPI: APC 0x00000003FFF0240 00005C (v02 VBOX   VBOXAPIC 00001 AS  0000006)
[   0000000] CPI:SST 0x0000003FFF2A0 001CC (v01 VOX  VBOXPUT 0000002 INTL 20100528)
[   0.000000] o NUA configuration found
[    0.000000] Faking a node at [mem 0x0000000000000000-0x000000003ffeffff]
[   0.00000]NODE_DATA(0) allocated [mem 0x3ffc500-x3ffffff
    0.000000] kvm-clock: cpu 0, mr 0:3ff44001, primary cpu clock
[    0.000000] kvm-clock: Using msrs 4b564d01 and 4b564d00
[    0.000000] kvm-clock: using sched offset of 7322572425 cycles
[    0.000000] clocksource: kvm-clock: mask: 0xffffffffffffffff max_cycles: 0x1cd42e4dffb, max_idle_ns: 881590591483 ns
[    0.000000] Zone ranges:
[    0.000000]   DMA      [mem 0x0000000000001000-0x0000000000ffffff]
[    0.000000]   DMA32    [mem 0x0000000001000000-0x000000003ffeffff]
[    0.000000]   Normal   empty
[    0.000000]   Device   empty
[    0.000000] Movable zone start for each node
[    0.000000] Early memory node ranges
[    0.000000]   node   0: [mem 0x0000000000001000-0x000000000009efff]
[    0.000000]   ode   0:[mem0x000000000100000-x00000003fefff]
[   0.0000] Reerved but unaailable: 98 pages
[    0.000000] Initmm setup noe 0 mem 0x0000000000001000-0x000000003ffeffff]
[    0.000000 ACP: PM-Tmer IO ort:0x408
[   0.00000 IOAPIC0]: picid 2 version32, adress 0xfec000, GSI 0-23
[    0.00000] ACPI: IN_SRC_OVR (bus 0 bus_irq 0 global_irq 2 dfl fl)
[   000000] API: IN_SC_OV (bus  bus_irq9 global_irq9 ow level
[    0.000000]Using ACPI (MADT) or MP cnfigratin inormatin
[    0.000000] smpboot:Allowing 2 CPUs, 0 otplug CPUs
[    0.000000] PM: Registered nosave memory: [mem 0x00000000-0x00000fff]
[    0.000000] PM: Registered nosave memory: [mem 0x0009f000-0x0009ffff]
[    0.000000] PM: Registered nosave memory: [mem 0x000a0000-0x000effff]
[    0.000000] PM: Registered nosave memory: [mem 0x000f0000-0x000fffff]
[    0.000000] e820: [mem 0x40000000-0xfebfffff] available for PCI devices
[    0.000000] Booting paravirtualized kernel on KVM
[    0.000000] clocksource: refined-jiffies: mask: 0xffffffff max_cycles: 0xffffffff, max_idle_ns: 7645519600211568 ns
[    0.000000] random: get_random_bytes called from start_kernel+0x99/0x500 wit crng_it=0
[    0000000] setp_percpu: NR_CPUS:8192 nr_cpumask_bits:2 nr_cpuids:2nr_nde_ids1
[   0.00000] prcpu Embddd 45 pags/cp s147456r892 d2872 u04876
[    0.000000] PV qpinoc has tabe entres:256 (order: 0, 4096 bytes)
[   0.00000] Buit 1 zoelists, mobility grouping on.  otl pges: 257913
[    0.0000] Polcy zone: DMA3
    0.00000] erne commad line: BOT_IAGE=bot/vminuz-4.15.013generic rot=UUI=6ff62cc-497e-49f-96f-e554089ace r consoe=tty1 console=ttyS0
[   0.000000] Memory: 982496K/1048120K availble (1230K kernel code, 2482K rwdata, 4276K rodata, 2440K iit, 2724K ss,6564K reservd, 0K cma-reerve)
[   0.00000] SLUB HWaig=64,Order=0-3, MinObjects=0, CPUs=2, Nodes=1
[    0.000000] Kernel/User page tables isolation: enabled
[    0.000000] ftrace: allocatin 39422entresin 14  paes
[    0004000 Hiearchical RCUimplementation.
[   0.00000] 	RCU restrictingCPUsfrom NR_PU=8192 o nrcpu_ds=2.
[    0.004000] 	Tasks RCUenabled.
[    0.004000] RCU: Adjusting geometry for rcu_fanout_leaf=16, nr_cpu_ids=2
[    0.004000] NR_IRQS: 524544, nr_irqs: 440, preallocated irqs: 16
[   .00400] Cnsole: colour VGA+ 80x25
[    0.004000] console [tty1] enabled
[    0.004000] console [ttyS0] enabled
[    0.004000] ACPI: Core revision 20170831
[    0.004000] ACPI: 2 ACPI AML tables successfully acquired and loaded
[    0.004000 APIC: Switch to symmetric I/O mode setup
[    0.004840] x2apic enabled
[    0.008013] Switched APIC routing to physical x2apic.
[    0.014616] ..TIMER: vector=0x30 apic1=0 pin1=2 apic2=-1 pin2=-1
[    0.016006] tsc: Detected 1800.003 MHz processor
[    0.020036] Calibrating delay loop (skipped) preset value.. 3600.00 BogoMIPS (lpj=7200012)
[    0.024012] pid_max: default: 32768 minimum: 301
[    0.028123] Security Framework initialized
[    0.032013] Yama: becoming mindful.
[    0.036054] AppArmor: AppArmor initialized
[    0.044100] Dentry cache hash table entries: 131072 (order: 8, 1048576 bytes)
[    0.048099] Inode-cache hash table entries: 65536 (order: 7, 524288 bytes)
[    0.052045] Mount-cache hash table entries: 2048 (order: 2, 16384 bytes)
[    0.056016] Mountpoint-cache hash table entries: 2048 (order: 2, 16384 bytes)
[    0.060355] Last level iTLB entries: 4KB 64, 2MB 8, 4MB 8
[    0.061856] Last level dTLB entries: 4KB 64, 2MB 0, 4MB 0, 1GB 4
[    0.064006] Spectre V1 : Mitigation: usercopy/swapgs barriers and __user pointer sanitization
[    0.068007] Spectre V2 : Mitigation: Full generic retpoline
[    0.072010] Spectre V2 : Spectre v2 / SpectreRSB mitigation: Filling RSB on context switch
[    0.076010] Speculative Store Bypass: Vulnerable
[    0.080149] SRBDS: Unknown: Dependent on hypervisor status
[    0.084046] MDS: Vulnerable: Clear CPU buffers attempted, no microcode
[    0.092193] Freeing SMP alternatives memory: 36K
[    0.211669] smpboot: CPU0: Intel(R) Core(TM) i5-8250U CPU @ 1.60GHz (family: 0x6, model: 0x8e, stepping: 0xa)
[    0.212131] Performance Events: unsupported p6 CPU model 142 no PMU driver, software events only.
[    0.216115] Hierarchical SRCU implementation.
[    0.221398] NMI watchdog: Perf event create on CPU 0 failed with -2
[    0.224007] NMI watchdog: Perf NMI watchdog permanently disabled
[    0.228148] smp: Bringing up secondary CPUs ...
[    0.232144] x86: Booting SMP configuration:
[    0.233753] .... node  #0, CPUs:      #1
[    0.004000] kvm-clock: cpu 1, msr 0:3ff44041, secondary cpu clock
[    0.238934] smp: Brought up 1 node, 2 CPUs
[    0.240020] smpboot: Max logical packages: 1
[    0.244015] smpboot: Total of 2 processors activated (7200.01 BogoMIPS)
[    0.248266] devtmpfs: initialized
[    0.252148] x86/mm: Memory block size: 128MB
[    0.256455] evm: security.selinux
[    0.260015] evm: security.SMACK64
[    0.264011] evm: security.SMACK64EXEC
[    0.268009] evm: security.SMACK64TRANSMUTE
[    0.272009] evm: security.SMACK64MMAP
[    0.276009] evm: security.apparmor
[    0.280006] evm: security.ima
[    0.284007] evm: security.capability
[    0.288130] clocksource: jiffies: mask: 0xffffffff max_cycles: 0xffffffff, max_idle_ns: 7645041785100000 ns
[    0.290635] futex hash table entries: 512 (order: 3, 32768 bytes)
[    0.295178] pinctrl core: initialized pinctrl subsystem
[    0.296129] RTC time:  5:58:51, date: 02/25/21
[    0.300399] NET: Registered protocol family 16
[    0.308024] audit: initializing netlink subsys (disabled)
[    0.316027] audit: type=2000 audit(1614232706.180:1): state=initialized audit_enabled=0 res=1
[    0.476022] cpuidle: using governor ladder
[    0.480023] cpuidle: using governor menu
[    0.484116] ACPI: bus type PCI registered
[    0.488012] acpiphp: ACPI Hot Plug PCI Controller Driver version: 0.5
[    0.492281] PCI: Using configuration type 1 for base access
[    0.500099] HugeTLB registered 2.00 MiB page size, pre-allocated 0 pages
[    0.504083] ACPI: Added _OSI(Module Device)
[    0.508008] ACPI: Added _OSI(Processor Device)
[    0.512016] ACPI: Added _OSI(3.0 _SCP Extensions)
[    0.516007] ACPI: Added _OSI(Processor Aggregator Device)
[    0.520038] ACPI: Added _OSI(Linux-Dell-Video)
[    0.521232] ACPI: Added _OSI(Linux-Lenovo-NV-HDMI-Audio)
[    0.524009] ACPI: Added _OSI(Linux-HPI-Hybrid-Graphics)
[    0.525798] ACPI: Executed 1 blocks of module-level executable AML code
[    0.532000] ACPI: Interpreter enabled
[    0.532028] ACPI: (supports S0 S5)
[    0.536012] ACPI: Using IOAPIC for interrupt routing
[    0.544632] PCI: Using host bridge windows from ACPI; if necessary, use "pci=nocrs" and report a bug
[    0.552292] ACPI: Enabled 2 GPEs in block 00 to 07
[    0.573848] ACPI: PCI Root Bridge [PCI0] (domain 0000 [bus 00-ff])
[    0.576034] acpi PNP0A03:00: _OSC: OS supports [ASPM ClockPM Segments MSI]
[    0.580101] acpi PNP0A03:00: _OSC: not requesting OS control; OS requires [ExtendedConfig ASPM ClockPM MSI]
[    0.584051] acpi PNP0A03:00: fail to add MMCONFIG information, can't access extended PCI configuration space under this bridge.
[    0.588652] PCI host bridge to bus 0000:00
[    0.592007] pci_bus 0000:00: root bus resource [io  0x0000-0x0cf7 window]
[    0.596018] pci_bus 0000:00: root bus resource [io  0x0d00-0xffff window]
[    0.600017] pci_bus 0000:00: root bus resource [mem 0x000a0000-0x000bffff window]
[    0.604017] pci_bus 0000:00: root bus resource [mem 0x40000000-0xfdffffff window]
[    0.608017] pci_bus 0000:00: root bus resource [bus 00-ff]
[    0.618812] pci 0000:00:01.1: legacy IDE quirk: reg 0x10: [io  0x01f0-0x01f7]
[    0.620010] pci 0000:00:01.1: legacy IDE quirk: reg 0x14: [io  0x03f6]
[    0.624012] pci 0000:00:01.1: legacy IDE quirk: reg 0x18: [io  0x0170-0x0177]
[    0.628012] pci 0000:00:01.1: legacy IDE quirk: reg 0x1c: [io  0x0376]
[    0.653111] pci 0000:00:07.0: quirk: [io  0x4000-0x403f] claimed by PIIX4 ACPI
[    0.656026] pci 0000:00:07.0: quirk: [io  0x4100-0x410f] claimed by PIIX4 SMB
[    0.673443] ACPI: PCI Interrupt Link [LNKA] (IRQs 5 9 10 *11)
[    0.675606] ACPI: PCI Interrupt Link [LNKB] (IRQs 5 9 *10 11)
[    0.676160] ACPI: PCI Interrupt Link [LNKC] (IRQs 5 *9 10 11)
[    0.680276] ACPI: PCI Interrupt Link [LNKD] (IRQs 5 9 10 *11)
[    0.684479] SCSI subsystem initialized
[    0.688042] pci 0000:00:02.0: vgaarb: setting as boot VGA device
[    0.689635] pci 0000:00:02.0: vgaarb: VGA device added: decodes=io+mem,owns=io+mem,locks=none
[    0.691975] pci 0000:00:02.0: vgaarb: bridge control possible
[    0.692006] vgaarb: loaded
[    0.692787] ACPI: bus type USB registered
[    0.696038] usbcore: registered new interface driver usbfs
[    0.700075] usbcore: registered new interface driver hub
[    0.704099] usbcore: registered new device driver usb
[    0.708099] EDAC MC: Ver: 3.0.0
[    0.712035] PCI: Using ACPI for IRQ routing
[    0.713659] NetLabel: Initializing
[    0.716005] NetLabel:  domain hash size = 128
[    0.720004] NetLabel:  protocols = UNLABELED CIPSOv4 CALIPSO
[    0.724058] NetLabel:  unlabeled traffic allowed by default
[    0.728199] clocksource: Switched to clocksource kvm-clock
[   .932 VFSDisk quotas dquot_6.6.0
  1.67] FSDqt-chha tlentris:12order 0, 4096 bytes)

[    2.499364] AppArmor: AppArmor Filesystem Enabled
[    2.500680] pnp: PnP ACPI init
[    5018pn P ACI:ou 3 vice

[  3431127] clocksour: acpi_pm: mask: 0xffffff max_cycles: 0xffffff, max_idle_ns: 2085701024 ns
[    3.614801] NET: Regisreprtol mi 2
[    4.21560]CPstliedha tlentes812 (oder:  636yt)   5.729182TCbin hh bl entri: 92orr:, 10 bes
[  78089] T: shabls nfur (taish 82 bid 81)
[  8.76] P shab eri: 51 (orr:, 38bys)[  9861] UP-ite hash table entries: 512 (order: 2, 16384 bytes)
[   10.316553] NET: Registered protocol family 1
[  0.177]ci000:0:0.0Liti decPC/P tansfers[ 11154]ci 000:00:01.0: Activating ISA DMAanwokarouns
[   12224] i 000002: dedeceit shadwed M  [m 000c0000-0x000dffff]

[   13.650729] Unpacking initramfs...
[   14.389945] Freeing initrd memory: 19748K
[   14.509249] clocksource: tsc: mask: 0xffffffffffffffff max_cycles: 0x19f22c73312, max_idle_ns: 440795259572 ns
[   14.690572] platform rtc_cmos: registered platform RTC device (no PNP device found)
[   14.709347] Scanning for low memory corruption every 60 seconds
[   14.774572] Initialise system trusted keyrings
[   14.778522] Key type blacklist registered
[   14.786961] workingset: timestamp_bits=36 max_order=18 bucket_order=0
[   14.790264] zbud: loaded
[   14.791688] squashfs: version 4.0 (2009/01/31) Phillip Lougher
[   14.793508] fuse init (API version 7.26)
[   14.800548] Key type asymmetric registered
[   14.845800] Asymmetric key parser 'x509' registered
[   14.936219] Block layer SCSI generic (bsg) driver version 0.4 loaded (major 246)
[   14.985762] io scheduler noop registered
[   15.031818] io scheduler deadline registered
[   15.150611] io scheduler cfq registered (default)
[   15.183460] ACPI: AC Adapter [AC] (off-line)
[   15.230106] input: Power Button as /devices/LNXSYSTM:00/LNXPWRBN:00/input/input0
[   15.300508] ACPI: Power Button [PWRF]
[   15.309176] input: Sleep Button as /devices/LNXSYSTM:00/LNXSLPBN:00/input/input1
[   15.321099] ACPI: Sleep Button [SLPF]
[   15.360129] ACPI: Battery Slot [BAT0] (battery present)
[   153811] Seal825/16550 driver, 32 ports, IRQ sharing enabled
[   15.735410] 00:02: ttyS0 at I/O 0x3f8 (irq = 4, base_baud = 115200) is a 16550A
[   15.834399] Linux agpgart interface v0.103
[   15.846748] loop: module loaded
[   15.897101] scsi host0: ata_piix
[   15.898229] scsi host1: ata_piix
[   15.899212] ata1: PATA max UDMA/33 cmd 0x1f0 ctl 0x3f6 bmdma 0xd000 irq 14
[   15.906400] ata2: PATA max UDMA/33 cmd 0x170 ctl 0x376 bmdma 0xd008 irq 15
[   15.908359] libphy: Fixed MDIO Bus: probed
[   15.909611] tun: Universal TUN/TAP device driver, 1.6
[   15.911086] PPP generic driver version 2.4.2
[   15.993581] ehci_hcd: USB 2.0 'Enhanced' Host Controller (EHCI) Driver
[   16.133891] ehci-pci: EHCI PCI platform driver
[   162377] ci-laor: EHC ger platfordrer[   7.1536oh_h: B 1 pe Host Controller (OHCI) Dve
[[   116526 ohci-pc OI CIlafordrer
[   9.1215] ohci-platform: OHCI generic platform driver
[   19.06] uh_h: B ivsaHo Ctrler Interface driver

[   20.144183] i8042: PNP: PS/2 Controller [PNP0303:PS2K,PNP0f03:PS2M] at 0x60,0x64 irq 1,12
[   20.149085] serio: i8042 KBD port at 0x60,0x64 irq 1
[   20.152433] serio: i8042 AUX port at 0x60,0x64 irq 12
[   20.154384] mousedev: PS/2 mouse device common for all mice
[   20.157399] input: AT Translated Set 2 keyboard as /devices/platform/i8042/serio0/input/input2
[   20.160650] rtc_cmos rtc_cmos: rtc core: registered rtc_cmos as rtc0
[   20.163223] rtc_cmos rtc_cmos: alarms up to one day, 114 bytes nvram
[   20.165695] i2c /dev entries driver
[   20.167181] device-mapper: uevent: version 1.0.3
[   20.169181] device-mapper: ioctl: 4.37.0-ioctl (2017-09-20) initialised: dm-devel@redhat.com
[   20.172506] ledtrig-cpu: registered to indicate activity on CPUs
[   20.175495] NET: Registered protocol family 10
[   20.188180] Segment Routing with IPv6
[   20.217583] NET: Registered protocol family 17
[   20.219544] Key type dns_resolver registered
[   20.229166] mce: Using 0 MCE banks
[   20.232625] RAS: Correctable Errors collector initialized.
[   20.234651] sched_clock: Marking stable (20232586438, 0)->(58586842751, -38354256313)
[   20.238466] registered taskstats version 1
[   20.241337] Loading compiled-in X.509 certificates
[   20.249520] Loaded X.509 cert 'Build time autogenerated kernel key: 399a566a2ea98257ce6f7132c633527e9761cd56'
[   20.258003] zswap: loaded using pool lzo/zbud
[   20.266709] Key type big_key registered
[   20.268335] Key type trusted registered
[   20.273143] Key type encrypted registered
[   20.274814] AppArmor: AppArmor sha1 policy hashing enabled
[   20.277176] ima: No TPM chip found, activating TPM-bypass! (rc=-19)
[   20.279410] ima: Allocated hash algorithm: sha1
[   20.287978] evm: HMAC attrs: 0x1
[   20.289826]   Magic number: 9:823:972
[   20.297794] rtc_cmos rtc_cmos: setting system clock to 2021-02-25 05:59:14 UTC (1614232754)
[   20.301176] BIOS EDD facility v0.16 2004-Jun-25, 0 devices found
[   20.304701] EDD information not available.
[   20.309832] Freeing unused kernel image memory: 2440K
[   20.359245] Write protecting the kernel read-only data: 20480k
[   20.366146] Freeing unused kernel image memory: 2008K
[   20.410483] Freeing unused kernel image memory: 1868K
[   20.469368] x86/mm: Checked W+X mappings: passed, no W+X pages found.
[   20.489974] x86/mm: Checking user space page tables
[   20.526127] x86/mm: Checked W+X mappings: passed, no W+X pages found.
Loading, please wait...
starting version 237
[   20.715615] e1000: Intel(R) PRO/1000 Network Driver - version 7.3.21-k8-NAPI
[   20.800275] e1000: Copyright (c) 1999-2006 Intel Corporation.
[   20.834483] Fusion MPT base driver 3.04.20
[   20.855313] Copyright (c) 1999-2008 LSI Corporation
[   20.950185] AVX2 version of gcm_enc/dec engaged.
[   21.008959] AES CTR mode by8 optimization enabled
[   21.081751] Fusion MPT SPI Host driver 3.04.20
[   21.151158] input: ImExPS/2 Generic Explorer Mouse as /devices/platform/i8042/serio1/input/input4
[   21.520226] e1000 0000:00:03.0 eth0: (PCI:33MHz:32-bit) 02:39:67:45:9c:e6
[   21.736306] e1000 0000:00:03.0 eth0: Intel(R) PRO/1000 Network Connection
[   21.844923] mptbase: ioc0: Initiating bringup
[   22.017887] ioc0: LSI53C1030 A0: Capabilities={Initiator}
[   22.383201] scsi host2: ioc0: LSI53C1030 A0, FwRev=00000000h, Ports=1, MaxQ=256, IRQ=20
[   22.665610] scsi 2:0:0:0: Direct-Access     VBOX     HARDDISK         1.0  PQ: 0 ANSI: 5
[   22.801701] scsi target2:0:0: Beginning Domain Validation
[   22.959486] scsi target2:0:0: Domain Validation skipping write tests
[   23.140273] scsi target2:0:0: Ending Domain Validation
[   23.274626] scsi target2:0:0: asynchronous
[   23.309815] e1000 0000:00:08.0 eth1: (PCI:33MHz:32-bit) 08:00:27:4d:6b:fa
[   23.391573] random: fast init done
[   23.495065] e1000 0000:00:08.0 eth1: Intel(R) PRO/1000 Network Connection
[   23.496597] scsi 2:0:1:0: Direct-Access     VBOX     HARDDISK         1.0  PQ: 0 ANSI: 5
[   23.613420] random: systemd-udevd: uninitialized urandom read (16 bytes read)
[   23.684618] random: systemd-udevd: uninitialized urandom read (16 bytes read)
[   23.700282] random: systemd-udevd: uninitialized urandom read (16 bytes read)
[   23.760895] e1000 0000:00:08.0 enp0s8: renamed from eth1
[   23.900146] scsi target2:0:1: Beginning Domain Validation
[   23.949600] e1000 0000:00:03.0 enp0s3: renamed from eth0
[   23.958447] scsi target2:0:1: Domain Validation skipping write tests
[   23.974843] scsi target2:0:1: Ending Domain Validation
[   23.989231] scsi target2:0:1: asynchronous
[   24.008006] sd 2:0:0:0: Attached scsi generic sg0 type 0
[   24.056423] sd 2:0:0:0: [sda] 20971520 512-byte logical blocks: (10.7 GB/10.0 GiB)
[   24.060955] sd 2:0:1:0: Attached scsi generic sg1 type 0
[   24.188102] sd 2:0:0:0: [sda] Write Protect is off
[   24.192084] sd 2:0:0:0: [sda] Incomplete mode parameter data
[   24.192170] sd 2:0:1:0: [sdb] 20480 512-byte logical blocks: (10.5 MB/10.0 MiB)
[   24.210342] sd 2:0:0:0: [sda] Assuming drive cache: write through
[   24.221453]  sda: sda1
[   24.391819] sd 2:0:1:0: [sdb] Write Protect is off
[   24.393071] sd 2:0:0:0: [sda] Attached SCSI disk
[   24.499790] sd 2:0:1:0: [sdb] Incomplete mode parameter data
[   24.517790] sd 2:0:1:0: [sdb] Assuming drive cache: write through
[   24.548663] sd 2:0:1:0: [sdb] Attached SCSI disk
Begin: Loading essential drivers ... [   26.836255] raid6: sse2x1   gen()  5801 MB/s
[   26.884138] raid6: sse2x1   xor()  4066 MB/s
[   27.028805] raid6: sse2x2   gen()  9967 MB/s
[   27.104085] raid6: sse2x2   xor()  7190 MB/s
[   27.244226] raid6: sse2x4   gen()  7804 MB/s
[   27.380181] raid6: sse2x4   xor()  4017 MB/s
[   27.460148] raid6: avx2x1   gen() 10032 MB/s
[   27.552396] raid6: avx2x1   xor()  6595 MB/s
[   27.660117] raid6: avx2x2   gen() 10840 MB/s
[   27.744099] raid6: avx2x2   xor()  7027 MB/s
[   27.812177] raid6: avx2x4   gen() 12702 MB/s
[   27.944422] raid6: avx2x4   xor()  7692 MB/s
[   27.977740] raid6: using algorithm avx2x4 gen() 12702 MB/s
[   28.091124] raid6: .... xor() 7692 MB/s, rmw enabled
[   28.113021] raid6: using avx2x2 recovery algorithm
[   28.123707] xor: automatically using best checksumming function   avx       
[   28.171232] async_tx: api initialized (async)
done.
Begin: Running /scripts/init-premount ... done[   28.258607] Btrfs loaded, crc32c=crc32c-intel
.
Begin: Mounting root file system ... Begin: Running /scripts/local-top ... done.
Begin: Running /scripts/local-premount ... Scanning for Btrfs filesystems
done.
Warning: fsck not present, so skipping root file system
[   28.382019] EXT4-fs (sda1): mounted filesystem with ordered data mode. Opts: (null)
done.
Begin: Running /scripts/local-bottom ... done.
Begin: Running /scripts/init-bottom ... done.
[   28.695503] ip_tables: (C) 2000-2006 Netfilter Core Team
[   30.175858] systemd[1]: systemd 237 running in system mode. (+PAM +AUDIT +SELINUX +IMA +APPARMOR +SMACK +SYSVINIT +UTMP +LIBCRYPTSETUP +GCRYPT +GNUTLS +ACL +XZ +LZ4 +SECCOMP +BLKID +ELFUTILS +KMOD -IDN2 +IDN -PCRE2 default-hierarchy=hybrid)
[   31.475762] systemd[1]: Detected virtualization oracle.
[   31.504307] systemd[1]: Detected architecture x86-64.

Welcome to [1mUbuntu 18.04.4 LTS[0m!

[   31.585676] systemd[1]: Set hostname to <ubuntu-bionic>.
[   33.749743] systemd[1]: Created slice User and Session Slice.
[[0;32m  OK  [0m] Created slice User and Session Slice.
[   33.804989] systemd[1]: Started Forward Password Requests to Wall Directory Watch.
[[0;32m  OK  [0m] Started Forward Password Requests to Wall Directory Watch.
[   33.816332] systemd[1]: Reached target User and Group Name Lookups.
[[0;32m  OK  [0m] Reached target User and Group Name Lookups.
[   33.897240] systemd[1]: Set up automount Arbitrary Executable File Formats File System Automount Point.
[[0;32m  OK  [0m] Set up automount Arbitrary Executabâ€¦rmats File System Automount Point.
[   34.073165] systemd[1]: Reached target System Time Synchronized.
[[0;32m  OK  [0m] Reached target System Time Synchronized.
[   34.270046] systemd[1]: Created slice System Slice.
[[0;32m  OK  [0m] Created slice System Slice.
[[0;32m  OK  [0m] Listening on udev Control Socket.
[[0;32m  OK  [0m] Listening on Network Service Netlink Socket.
[[0;32m  OK  [0m] Listening on /dev/initctl Compatibility Named Pipe.
[[0;32m  OK  [0m] Listening on LVM2 poll daemon socket.
[[0;32m  OK  [0m] Listening on Journal Socket.
         Mounting Huge Pages File System...
         Starting Set the console keyboar[   34.645000] random: crng init done
d layout...
[   34.683883] random: 7 urandom warning(s) missed due to ratelimiting
[[0;32m  OK  [0m] Created slice system-serial\x2dgetty.slice.
         Starting Remount Root and Kernel File S[   34.830662] EXT4-fs (sda1): re-mounted. Opts: (null)
ystems...
         Starting Uncomplicated firewall...
         Mounting POSIX Message Queue File System...
[[0;32m  OK  [0m] Listening on LVM2 metadata daemon socket.
         Starting Create list of required stâ€¦ce nodes for the current kernel...
[[0;32m  OK  [0m] Listening on Syslog Socket.
[[0;32m  OK  [0m] Listening on udev Kernel Socket.
         Mounting Kernel Debug File System...
[[0;32m  OK  [0m] Listening on Device-mapper event daemon FIFOs.
[   35.176556] systemd[1]: Starting Monitoring of LVM2 mirrors, snapshots etc. using dmeventd or progress polling...
         Starting Monitoring of LVM2 mirrorsâ€¦ng dmeventd or progress polling...
[   35.484637] systemd[1]: Starting udev Coldplug all Devices...
         Starting udev Coldplug all Devices...
[   36.416815] systemd[1]: Starting Load Kernel Modules...
         Starting Load Kernel Mo[   36.532996] Loading iSCSI transport class v2.0-870.
dules...
[   36.661508] iscsi: registered transport (tcp)
[   36.736781] systemd[1]: Listening on Journal Audit Socket.
[[0;32m  OK  [0m] Listening on Journal Audit S[   36.907878] iscsi: registered transport (iser)
ocket.
[   37.028575] systemd[1]: Listening on Journal Socket (/dev/log).
[[0;32m  OK  [0m] Listening on Journal Socket (/dev/log).
[   37.149496] systemd[1]: Starting Journal Service...
         Starting Journal Service...
[   37.153929] systemd[1]: Created slice system-yii\x2dqueue.slice.
[[0;32m  OK  [0m] Created slice system-yii\x2dqueue.slice.
[   37.159883] systemd[1]: Reached target Slices.
[[0;32m  OK  [0m] Reached target Slices.
[   37.163067] systemd[1]: Reached target Swap.
[[0;32m  OK  [0m] Reached target Swap.
[   37.167613] systemd[1]: Mounted Huge Pages File System.
[[0;32m  OK  [0m] Mounted Huge Pages File System.
[[0;32m  OK  [0m] Started Set the console keyboard layout.
[[0;32m  OK  [0m] Started Remount Root and Kernel File Systems.
[[0;32m  OK  [0m] Started Uncomplicated firewall.
[[0;32m  OK  [0m] Mounted POSIX Message Queue File System.
[[0;32m  OK  [0m] Started Create list of required staâ€¦vice nodes for the current kernel.
[[0;32m  OK  [0m] Started Journal Service.
[[0;32m  OK  [0m] Mounted Kernel Debug File System.
[[0;32m  OK  [0m] Started Load Kernel Modules.
[[0;32m  OK  [0m] Started LVM2 metadata daemon.
         Mounting FUSE Control File System...
         Mounting Kernel Configuration File System...
         Starting Apply Kernel Variables...
         Starting Create Static Device Nodes in /dev...
         Starting Load/Save Random Seed...
         Starting Flush Journal to Persistent Storage...
[[0;32m  OK  [0m] Started Monitoring of LVM2 mirrors,â€¦sing dmeventd or progress polling.
[[0;32m  OK  [0m] Started udev Coldplug all Devices.
[[0;32m  OK  [0m] Mounted FUSE Control File System.
[[0;32m  OK  [0m] Mounted Kernel Configuration File System.
[[0;32m  OK  [0m] Started Apply Kernel Variables.
[[0;32m  OK  [0m] Started Create Static Device Nodes in /dev.
[[0;32m  OK  [0m] Started Load/Save Random Seed.
         Starting udev Kernel Device Manager...
[[0;32m  OK  [0m] Reached target Local File Systems (Pre).
[[0;32m  OK  [0m] Reached target Local File Systems.
         Starting ebtables ruleset management...
         Starting Tell Plymouth To Write Out Runtime Data...
         Starting AppArmor initialization...
         Starting Set console font and keymap...
[[0;32m  OK  [0m] Started udev Kernel Device Manager.
[[0;32m  OK  [0m] Started Tell Plymouth To Write Out Runtime Data.
[[0;32m  OK  [0m] Started Set console font and keymap.
[[0;32m  OK  [0m] Started Dispatch Password Requests to Console Directory Watch.
[[0;32m  OK  [0m] Reached target Local Encrypted Volumes.
[[0;32m  OK  [0m] Started ebtables ruleset management.
[[0;32m  OK  [0m] Found device /dev/ttyS0.
[[0;32m  OK  [0m] Listening on Load/Save RF Kill Switch Status /dev/rfkill Watch.
[[0;32m  OK  [0m] Started Flush Journal to Persistent Storage.
         Starting Create Volatile Files and Directories...
[[0;32m  OK  [0m] Started Create Volatile Files and Directories.
         Starting Update UTMP about System Boot/Shutdown...
[[0;32m  OK  [0m] Started Update UTMP about System Boot/Shutdown.
[[0;32m  OK  [0m] Started AppArmor initialization.
         Starting Load AppArmor profiles managed internally by snapd...
         Starting Initial cloud-init job (pre-networking)...
[[0;32m  OK  [0m] Started Load AppArmor profiles managed internally by snapd.
[   41.185407] cloud-init[590]: Cloud-init v. 19.4-33-gbb4131a2-0ubuntu1~18.04.1 running 'init-local' at Thu, 25 Feb 2021 05:59:34 +0000. Up 40.71 seconds.
[[0;32m  OK  [0m] Started Initial cloud-init job (pre-networking).
[[0;32m  OK  [0m] Reached target Network (Pre).
         Starting Network Service...
[[0;32m  OK  [0m] Started Network Service.
         Starting Network Name Resolution...
         Starting Wait for Network to be Configured...
[[0;32m  OK  [0m] Started Network Name Resolution.
[[0;32m  OK  [0m] Reached target Host and Network Name Lookups.
[[0;32m  OK  [0m] Reached target Network.
[[0;32m  OK  [0m] Started Wait for Network to be Configured.
         Starting Initial cloud-init job (metadata service crawler)...
[   44.652094] cloud-init[724]: Cloud-init v. 19.4-33-gbb4131a2-0ubuntu1~18.04.1 running 'init' at Thu, 25 Feb 2021 05:59:38 +0000. Up 44.16 seconds.
[   44.800726] cloud-init[724]: ci-info: ++++++++++++++++++++++++++++++++++++++Net device info+++++++++++++++++++++++++++++++++++++++
[   44.928312] cloud-init[724]: ci-info: +--------+------+-----------------------------+---------------+--------+-------------------+
[[0;32m  OK  [0m[   45.032576] cloud-init[724]: ci-info: | Device |  Up  |           Address           |      Mask     | Scope  |     Hw-Address    |
[   45.034149] cloud-init[724]: ci-info: +--------+------+-----------------------------+---------------+--------+-------------------+
[   45.035972] cloud-init[724]: ci-info: | enp0s3 | True |          10.0.2.15          | 255.255.255.0 | global | 02:39:67:45:9c:e6 |
] Started Initial cloud-init job (metadata service crawler).
[   45.036665] cloud-init[724]: ci-info: | enp0s3 | True |  fe80::39:67ff:fe45:9ce6/64 |       .       |  link  | 02:39:67:45:9c:e6 |
[[0;32m  OK  [0m[   45.265052] cloud-init[724]: ci-info: | enp0s8 | True |        192.168.33.10        | 255.255.255.0 | global | 08:00:27:4d:6b:fa |
[   45.265875] cloud-init[724]: ci-info: | enp0s8 | True | fe80::a00:27ff:fe4d:6bfa/64 |       .       |  link  | 08:00:27:4d:6b:fa |
] Reached target Network is Online.
[   45.266191] cloud-init[724]: ci-info: |   lo   | True |          127.0.0.1          |   255.0.0.0   |  host  |         .         |
[   45.330558] cloud-init[724]: ci-info: |   lo   | True |           ::1/128           |       .       |  host  |         .         |
[   45.344013] cloud-init[724]: ci-info: +--------+------+-----------------------------+---------------+--------+-------------------+
[   45.344273] cloud-init[724]: ci-info: +++++++++++++++++++++++++++++Route IPv4 info+++++++++++++++++++++++++++++
[   45.345681] cloud-init[724]: ci-info: +-------+--------------+----------+-----------------+-----------+-------+
[   45.347564] cloud-init[724]: ci-info: | Route | Destination  | Gateway  |     Genmask     | Interface | Flags |
[   45.349386] cloud-init[724]: ci-info: +-------+--------------+----------+-----------------+-----------+-------+
[   45.350311] cloud-init[724]: ci-info: |   0   |   0.0.0.0    | 10.0.2.2 |     0.0.0.0     |   enp0s3  |   UG  |
[   45.350643] cloud-init[724]: ci-info: |   1   |   10.0.2.0   | 0.0.0.0  |  255.255.255.0  |   enp0s3  |   U   |
[   45.351822] cloud-init[724]: ci-info: |   2   |   10.0.2.2   | 0.0.0.0  | 255.255.255.255 |   enp0s3  |   UH  |
[   45.354012] cloud-init[724]: ci-info: |   3   | 192.168.33.0 | 0.0.0.0  |  255.255.255.0  |   enp0s8  |   U   |
[   45.355052] cloud-init[724]: ci-info: +-------+--------------+----------+-----------------+-----------+-------+
[   45.356220] cloud-init[724]: ci-info: +++++++++++++++++++Route IPv6 info+++++++++++++++++++
[   45.356377] cloud-init[724]: ci-info: +-------+-------------+---------+-----------+-------+
[   45.356910] cloud-init[724]: ci-info: | Route | Destination | Gateway | Interface | Flags |
[   45.358316] cloud-init[724]: ci-info: +-------+-------------+---------+-----------+-------+
[   45.361443] cloud-init[724]: ci-info: |   1   |  fe80::/64  |    ::   |   enp0s8  |   U   |
[[0;32m  OK  [0m] Reached target Remote File Systems (Pre).
[   45.361979] cloud-init[724]: ci-info: |   2   |  fe80::/64  |    ::   |   enp0s3  |   U   |
[[   45.409753] cloud-init[724]: ci-info: |   4   |    local    |    ::   |   enp0s3  |   U   |
[   45.409927] cloud-init[724]: ci-info: |   5   |    local    |    ::   |   enp0s8  |   U   |
[   45.410396] cloud-init[724]: ci-info: |   6   |   ff00::/8  |    ::   |   enp0s8  |   U   |
[   45.411470] cloud-init[724]: ci-info: |   7   |   ff00::/8  |    ::   |   enp0s3  |   U   |
[   45.413022] cloud-init[724]: ci-info: +-------+-------------+---------+-----------+-------+
[0;32m  OK  [0m] Reached target Remote File Systems.
         Starting Availability of block devices...
[[0;32m  OK  [0m] Reached target Cloud-config availability.
[[0;32m  OK  [0m] Reached target System Initialization.
[[0;32m  OK  [0m] Listening on Open-iSCSI iscsid Socket.
[[0;32m  OK  [0m] Listening on D-Bus System Message Bus Socket.
[[0;32m  OK  [0m] Listening on UUID daemon activation socket.
[[0;32m  OK  [0m] Listening on ACPID Listen Socket.
[[0;32m  OK  [0m] Started Daily apt download activities.
[[0;32m  OK  [0m] Started Daily apt upgrade and clean activities.
[[0;32m  OK  [0m] Started Clean PHP session files every 30 mins.
[[0;32m  OK  [0m] Started Discard unused blocks once a week.
[[0;32m  OK  [0m] Started ACPI Events Check.
[[0;32m  OK  [0m] Reached target Paths.
[[0;32m  OK  [0m] Started Message of the Day.
         Starting Socket activation for snappy daemon.
[[0;32m  OK  [0m] Started Daily Cleanup of Temporary Directories.
[[0;32m  OK  [0m] Reached target Timers.
         Starting LXD - unix socket.
[[0;32m  OK  [0m] Started Availability of block devices.
[[0;32m  OK  [0m] Listening on Socket activation for snappy daemon.
[[0;32m  OK  [0m] Listening on LXD - unix socket.
[[0;32m  OK  [0m] Reached target Sockets.
[[0;32m  OK  [0m] Reached target Basic System.
[[0;32m  OK  [0m] Started FUSE filesystem for LXC.
         Starting Permit User Sessions...
         Starting Virtualbox guest utils...
         Starting Accounts Service...
[[0;32m  OK  [0m] Started Deferred execution scheduler.
         Starting LSB: Record successful boot for GRUB...
[[0;32m  OK  [0m] Started Regular background program processing daemon.
         Starting Login Service...
[[0;32m  OK  [0m] Started D-Bus System Message Bus.
         Starting System Logging Service...
         Starting OpenBSD Secure Shell server...
[[0;32m  OK  [0m] Started irqbalance daemon.
         Starting LSB: automatic crash report generation...
         Starting The Apache HTTP Server...
         Starting Dispatcher daemon for systemd-networkd...
         Starting LXD - container startup/shutdown...
         Starting MySQL Community Server...
         Starting Snap Daemon...
[[0;32m  OK  [0m] Started System Logging Service.
[[0;32m  OK  [0m] Started Permit User Sessions.
[[0;32m  OK  [0m] Started OpenBSD Secure Shell server.
[[0;32m  OK  [0m] Started LXD - container startup/shutdown.
[[0;32m  OK  [0m] Started Login Service.
[[0;32m  OK  [0m] Started Unattended Upgrades Shutdown.
         Starting Authorization Manager...
         Starting Terminate Plymouth Boot Screen...
         Starting Hold until boot process finishes up...
[[0;32m  OK  [0m] Started Terminate Plymouth Boot Screen.
[[0;32m  OK  [0m] Started Hold until boot process finishes up.
[[0;32m  OK  [0m] Started LSB: automatic crash report generation.
[[0;32m  OK  [0m] Started Serial Getty on ttyS0.
         Starting Set console scheme...
[[0;32m  OK  [0m] Started Authorization Manager.
[[0;32m  OK  [0m] Started Accounts Service.
[[0;32m  OK  [0m] Started LSB: Record successful boot for GRUB.
[[0;32m  OK  [0m] Started Set console scheme.
[[0;32m  OK  [0m] Created slice system-getty.slice.
[[0;32m  OK  [0m] Started Getty on tty1.
[[0;32m  OK  [0m] Reached target Login Prompts.
[[0;32m  OK  [0m] Started Virtualbox guest utils.
[[0;32m  OK  [0m] Started The Apache HTTP Server.
[[0;32m  OK  [0m] Created slice User Slice of vagrant.
         Starting User Manager for UID 1000...
[[0;32m  OK  [0m] Started Session 1 of user vagrant.
[[0;32m  OK  [0m] Started Dispatcher daemon for systemd-networkd.
[[0;32m  OK  [0m] Started User Manager for UID 1000.
[[0;32m  OK  [0m] Started Snap Daemon.
         Starting Wait until snapd is fully seeded...
[[0;32m  OK  [0m] Started Wait until snapd is fully seeded.
         Starting Apply the settings specified in cloud-config...
[[0;1;31mFAILED[0m] Failed to start MySQL Community Server.
See 'systemctl status mysql.service' for details.
[[0;1;33mDEPEND[0m] Dependency failed for Yii Queue Worker 2.
[[0;1;33mDEPEND[0m] Dependency failed for Yii Queue Worker 1.
[[0;32m  OK  [0m] Reached target Multi-User System.
[[0;32m  OK  [0m] Reached target Graphical Interface.
         Starting Update UTMP about System Runlevel Changes...
[[0;32m  OK  [0m] Started Update UTMP about System Runlevel Changes.
[[0;32m  OK  [0m] Stopped MySQL Community Server.
         Starting MySQL Community Server...
[   50.356372] cloud-init[1162]: Cloud-init v. 19.4-33-gbb4131a2-0ubuntu1~18.04.1 running 'modules:config' at Thu, 25 Feb 2021 05:59:44 +0000. Up 49.96 seconds.
[[0;32m  OK  [0m] Started Apply the settings specified in cloud-config.
         Starting Execute cloud user/final scripts...
[[0;1;31mFAILED[0m] Failed to start MySQL Community Server.
See 'systemctl status mysql.service' for details.
[   52.080615] cloud-init[1349]: Cloud-init v. 19.4-33-gbb4131a2-0ubuntu1~18.04.1 running 'modules:final' at Thu, 25 Feb 2021 05:59:45 +0000. Up 51.75 seconds.
[   52.080943] cloud-init[1349]: Cloud-init v. 19.4-33-gbb4131a2-0ubuntu1~18.04.1 finished at Thu, 25 Feb 2021 05:59:46 +0000. Datasource DataSourceNoCloud [seed=/dev/sdb][dsmode=net].  Up 52.06 seconds

Ubuntu 18.04.4 LTS ubuntu-bionic ttyS0

ubuntu-bionic login: 